main.c:180:5:main	208	static
main.c:300:6:SystemClock_Config	88	static
main.c:354:13:MX_I2C1_Init	8	static
main.c:400:13:MX_TIM2_Init	64	static
main.c:463:13:MX_USART3_UART_Init	8	static
main.c:498:13:MX_GPIO_Init	56	static
main.c:618:6:set_pin_pwm	24	static
main.c:624:9:MPU6050_Init	40	static
main.c:657:6:MPU6050_Read_Accel	40	static
main.c:679:6:MPU6050_Read_Gyro	40	static
main.c:701:6:MPU6050_Read_All	88	static
main.c:755:8:Kalman_getAngle	96	static
main.c:785:6:printFloat	376	static
main.c:852:5:sign	16	static
main.c:860:6:control_H_bridge	24	static
main.c:899:6:set_pwm	72	static
main.c:940:1:__io_putchar	16	static
main.c:954:6:Error_Handler	4	static,ignoring_inline_asm
